// Jest Snapshot v1, https://goo.gl/fbAQLP

exports[`ListItem: should render correctly 1`] = `
<View
  accessible={true}
  collapsable={false}
  focusable={false}
  onClick={[Function]}
  onResponderGrant={[Function]}
  onResponderMove={[Function]}
  onResponderRelease={[Function]}
  onResponderTerminate={[Function]}
  onResponderTerminationRequest={[Function]}
  onStartShouldSetResponder={[Function]}
  style={
    Object {
      "opacity": 1,
      "padding": 15,
      "width": "100%",
    }
  }
>
  <Text
    style={
      Object {
        "color": "#A100FF",
        "fontSize": 20,
      }
    }
  >
    
  </Text>
  <Text
    style={
      Object {
        "fontSize": undefined,
      }
    }
  >
    
  </Text>
</View>
`;
